// Jest Snapshot v1, https://goo.gl/fbAQLP

exports[`renders the users snapshot 1`] = `
<ul>
  <li>
    Michael Lawson
  </li>
  <li>
    Lindsay Ferguson
  </li>
</ul>
`;
